// Bun Snapshot v1, https://bun.sh/docs/test/snapshots

exports[`snapshot byte value match 1`] = `
{
  "bytes": Uint8Array [
    76,
    0,
    0,
    0,
    1,
    20,
    2,
    0,
    0,
    0,
    0,
    0,
    192,
    0,
    0,
    0,
    0,
    0,
    0,
    70,
    117,
    1,
    0,
    0,
    32,
    0,
    0,
    0,
    0,
    0,
    0,
    0,
    0,
    0,
    0,
    0,
    0,
    0,
    0,
    0,
    0,
    0,
    0,
    0,
    0,
    0,
    0,
    0,
    0,
    0,
    0,
    0,
    0,
    0,
    0,
    0,
    0,
    0,
    0,
    0,
    1,
    0,
    0,
    0,
    0,
    0,
    0,
    0,
    0,
    0,
    0,
    0,
    0,
    0,
    0,
    0,
    115,
    0,
    20,
    0,
    31,
    80,
    224,
    79,
    208,
    32,
    234,
    58,
    105,
    16,
    162,
    216,
    8,
    0,
    43,
    48,
    48,
    157,
    28,
    0,
    47,
    67,
    58,
    92,
    0,
    0,
    0,
    0,
    0,
    0,
    0,
    0,
    0,
    0,
    0,
    0,
    0,
    0,
    0,
    0,
    0,
    0,
    0,
    0,
    0,
    0,
    65,
    0,
    50,
    0,
    0,
    0,
    0,
    0,
    0,
    0,
    0,
    0,
    0,
    0,
    80,
    114,
    111,
    103,
    114,
    97,
    109,
    32,
    70,
    105,
    108,
    101,
    115,
    92,
    71,
    111,
    111,
    103,
    108,
    101,
    92,
    99,
    104,
    114,
    111,
    109,
    101,
    92,
    65,
    112,
    112,
    108,
    105,
    99,
    97,
    116,
    105,
    111,
    110,
    92,
    99,
    104,
    114,
    111,
    109,
    101,
    46,
    101,
    120,
    101,
    0,
    0,
    0,
    15,
    0,
    83,
    110,
    97,
    112,
    115,
    104,
    111,
    116,
    32,
    84,
    101,
    115,
    116,
    0,
  ],
  "len": 209,
  "type": "application/x-ms-shortcut",
}
`;
